ERROR - 2026-07-20 08:28:09 --> Error connecting to the database: Exception: Unable to open database: unable to open database file in /home/mandresy/Documents/S4/Web/examen_final/Mobile_money/system/Database/SQLite3/Connection.php:111
Stack trace:
#0 /home/mandresy/Documents/S4/Web/examen_final/Mobile_money/system/Database/SQLite3/Connection.php(111): SQLite3->__construct()
#1 /home/mandresy/Documents/S4/Web/examen_final/Mobile_money/system/Database/BaseConnection.php(555): CodeIgniter\Database\SQLite3\Connection->connect()
#2 /home/mandresy/Documents/S4/Web/examen_final/Mobile_money/system/Database/SQLite3/Connection.php(74): CodeIgniter\Database\BaseConnection->initialize()
#3 /home/mandresy/Documents/S4/Web/examen_final/Mobile_money/system/Database/BaseConnection.php(795): CodeIgniter\Database\SQLite3\Connection->initialize()
#4 /home/mandresy/Documents/S4/Web/examen_final/Mobile_money/system/Database/BaseBuilder.php(1649): CodeIgniter\Database\BaseConnection->query()
#5 /home/mandresy/Documents/S4/Web/examen_final/Mobile_money/system/Model.php(295): CodeIgniter\Database\BaseBuilder->get()
#6 /home/mandresy/Documents/S4/Web/examen_final/Mobile_money/system/BaseModel.php(714): CodeIgniter\Model->doFirst()
#7 /home/mandresy/Documents/S4/Web/examen_final/Mobile_money/app/Models/CompteModel.php(14): CodeIgniter\BaseModel->first()
#8 /home/mandresy/Documents/S4/Web/examen_final/Mobile_money/app/Controllers/Client/Auth.php(26): App\Models\CompteModel->findByNumero()
#9 /home/mandresy/Documents/S4/Web/examen_final/Mobile_money/system/CodeIgniter.php(951): App\Controllers\Client\Auth->login()
#10 /home/mandresy/Documents/S4/Web/examen_final/Mobile_money/system/CodeIgniter.php(497): CodeIgniter\CodeIgniter->runController()
#11 /home/mandresy/Documents/S4/Web/examen_final/Mobile_money/system/CodeIgniter.php(340): CodeIgniter\CodeIgniter->handleRequest()
#12 /home/mandresy/Documents/S4/Web/examen_final/Mobile_money/system/Boot.php(417): CodeIgniter\CodeIgniter->run()
#13 /home/mandresy/Documents/S4/Web/examen_final/Mobile_money/system/Boot.php(68): CodeIgniter\Boot::runCodeIgniter()
#14 /home/mandresy/Documents/S4/Web/examen_final/Mobile_money/public/index.php(59): CodeIgniter\Boot::bootWeb()
#15 /home/mandresy/Documents/S4/Web/examen_final/Mobile_money/system/rewrite.php(44): require_once('...')
#16 {main}

Next CodeIgniter\Database\Exceptions\DatabaseException: SQLite3 error: Unable to open database: unable to open database file in /home/mandresy/Documents/S4/Web/examen_final/Mobile_money/system/Database/SQLite3/Connection.php:118
Stack trace:
#0 /home/mandresy/Documents/S4/Web/examen_final/Mobile_money/system/Database/BaseConnection.php(555): CodeIgniter\Database\SQLite3\Connection->connect()
#1 /home/mandresy/Documents/S4/Web/examen_final/Mobile_money/system/Database/SQLite3/Connection.php(74): CodeIgniter\Database\BaseConnection->initialize()
#2 /home/mandresy/Documents/S4/Web/examen_final/Mobile_money/system/Database/BaseConnection.php(795): CodeIgniter\Database\SQLite3\Connection->initialize()
#3 /home/mandresy/Documents/S4/Web/examen_final/Mobile_money/system/Database/BaseBuilder.php(1649): CodeIgniter\Database\BaseConnection->query()
#4 /home/mandresy/Documents/S4/Web/examen_final/Mobile_money/system/Model.php(295): CodeIgniter\Database\BaseBuilder->get()
#5 /home/mandresy/Documents/S4/Web/examen_final/Mobile_money/system/BaseModel.php(714): CodeIgniter\Model->doFirst()
#6 /home/mandresy/Documents/S4/Web/examen_final/Mobile_money/app/Models/CompteModel.php(14): CodeIgniter\BaseModel->first()
#7 /home/mandresy/Documents/S4/Web/examen_final/Mobile_money/app/Controllers/Client/Auth.php(26): App\Models\CompteModel->findByNumero()
#8 /home/mandresy/Documents/S4/Web/examen_final/Mobile_money/system/CodeIgniter.php(951): App\Controllers\Client\Auth->login()
#9 /home/mandresy/Documents/S4/Web/examen_final/Mobile_money/system/CodeIgniter.php(497): CodeIgniter\CodeIgniter->runController()
#10 /home/mandresy/Documents/S4/Web/examen_final/Mobile_money/system/CodeIgniter.php(340): CodeIgniter\CodeIgniter->handleRequest()
#11 /home/mandresy/Documents/S4/Web/examen_final/Mobile_money/system/Boot.php(417): CodeIgniter\CodeIgniter->run()
#12 /home/mandresy/Documents/S4/Web/examen_final/Mobile_money/system/Boot.php(68): CodeIgniter\Boot::runCodeIgniter()
#13 /home/mandresy/Documents/S4/Web/examen_final/Mobile_money/public/index.php(59): CodeIgniter\Boot::bootWeb()
#14 /home/mandresy/Documents/S4/Web/examen_final/Mobile_money/system/rewrite.php(44): require_once('...')
#15 {main}
CRITICAL - 2026-07-20 08:28:09 --> CodeIgniter\Database\Exceptions\DatabaseException: Unable to connect to the database.
Main connection [SQLite3]: SQLite3 error: Unable to open database: unable to open database file
[Method: POST, Route: login]
in SYSTEMPATH/Database/BaseConnection.php on line 606.
 1 SYSTEMPATH/Database/SQLite3/Connection.php(74): CodeIgniter\Database\BaseConnection->initialize()
 2 SYSTEMPATH/Database/BaseConnection.php(795): CodeIgniter\Database\SQLite3\Connection->initialize()
 3 SYSTEMPATH/Database/BaseBuilder.php(1649): CodeIgniter\Database\BaseConnection->query()
 4 SYSTEMPATH/Model.php(295): CodeIgniter\Database\BaseBuilder->get()
 5 SYSTEMPATH/BaseModel.php(714): CodeIgniter\Model->doFirst()
 6 APPPATH/Models/CompteModel.php(14): CodeIgniter\BaseModel->first()
 7 APPPATH/Controllers/Client/Auth.php(26): App\Models\CompteModel->findByNumero()
 8 SYSTEMPATH/CodeIgniter.php(951): App\Controllers\Client\Auth->login()
 9 SYSTEMPATH/CodeIgniter.php(497): CodeIgniter\CodeIgniter->runController()
10 SYSTEMPATH/CodeIgniter.php(340): CodeIgniter\CodeIgniter->handleRequest()
11 SYSTEMPATH/Boot.php(417): CodeIgniter\CodeIgniter->run()
12 SYSTEMPATH/Boot.php(68): CodeIgniter\Boot::runCodeIgniter()
13 FCPATH/index.php(59): CodeIgniter\Boot::bootWeb()
14 SYSTEMPATH/rewrite.php(44): require_once('/home/mandresy/Documents/S4/Web/examen_final/Mobile_money/public/index.php')
ERROR - 2026-07-20 08:28:31 --> Error connecting to the database: Exception: Unable to open database: unable to open database file in /home/mandresy/Documents/S4/Web/examen_final/Mobile_money/system/Database/SQLite3/Connection.php:111
Stack trace:
#0 /home/mandresy/Documents/S4/Web/examen_final/Mobile_money/system/Database/SQLite3/Connection.php(111): SQLite3->__construct()
#1 /home/mandresy/Documents/S4/Web/examen_final/Mobile_money/system/Database/BaseConnection.php(555): CodeIgniter\Database\SQLite3\Connection->connect()
#2 /home/mandresy/Documents/S4/Web/examen_final/Mobile_money/system/Database/SQLite3/Connection.php(74): CodeIgniter\Database\BaseConnection->initialize()
#3 /home/mandresy/Documents/S4/Web/examen_final/Mobile_money/system/Database/BaseConnection.php(795): CodeIgniter\Database\SQLite3\Connection->initialize()
#4 /home/mandresy/Documents/S4/Web/examen_final/Mobile_money/system/Database/BaseBuilder.php(1649): CodeIgniter\Database\BaseConnection->query()
#5 /home/mandresy/Documents/S4/Web/examen_final/Mobile_money/system/Model.php(295): CodeIgniter\Database\BaseBuilder->get()
#6 /home/mandresy/Documents/S4/Web/examen_final/Mobile_money/system/BaseModel.php(714): CodeIgniter\Model->doFirst()
#7 /home/mandresy/Documents/S4/Web/examen_final/Mobile_money/app/Models/CompteModel.php(14): CodeIgniter\BaseModel->first()
#8 /home/mandresy/Documents/S4/Web/examen_final/Mobile_money/app/Controllers/Client/Auth.php(26): App\Models\CompteModel->findByNumero()
#9 /home/mandresy/Documents/S4/Web/examen_final/Mobile_money/system/CodeIgniter.php(951): App\Controllers\Client\Auth->login()
#10 /home/mandresy/Documents/S4/Web/examen_final/Mobile_money/system/CodeIgniter.php(497): CodeIgniter\CodeIgniter->runController()
#11 /home/mandresy/Documents/S4/Web/examen_final/Mobile_money/system/CodeIgniter.php(340): CodeIgniter\CodeIgniter->handleRequest()
#12 /home/mandresy/Documents/S4/Web/examen_final/Mobile_money/system/Boot.php(417): CodeIgniter\CodeIgniter->run()
#13 /home/mandresy/Documents/S4/Web/examen_final/Mobile_money/system/Boot.php(68): CodeIgniter\Boot::runCodeIgniter()
#14 /home/mandresy/Documents/S4/Web/examen_final/Mobile_money/public/index.php(59): CodeIgniter\Boot::bootWeb()
#15 /home/mandresy/Documents/S4/Web/examen_final/Mobile_money/system/rewrite.php(44): require_once('...')
#16 {main}

Next CodeIgniter\Database\Exceptions\DatabaseException: SQLite3 error: Unable to open database: unable to open database file in /home/mandresy/Documents/S4/Web/examen_final/Mobile_money/system/Database/SQLite3/Connection.php:118
Stack trace:
#0 /home/mandresy/Documents/S4/Web/examen_final/Mobile_money/system/Database/BaseConnection.php(555): CodeIgniter\Database\SQLite3\Connection->connect()
#1 /home/mandresy/Documents/S4/Web/examen_final/Mobile_money/system/Database/SQLite3/Connection.php(74): CodeIgniter\Database\BaseConnection->initialize()
#2 /home/mandresy/Documents/S4/Web/examen_final/Mobile_money/system/Database/BaseConnection.php(795): CodeIgniter\Database\SQLite3\Connection->initialize()
#3 /home/mandresy/Documents/S4/Web/examen_final/Mobile_money/system/Database/BaseBuilder.php(1649): CodeIgniter\Database\BaseConnection->query()
#4 /home/mandresy/Documents/S4/Web/examen_final/Mobile_money/system/Model.php(295): CodeIgniter\Database\BaseBuilder->get()
#5 /home/mandresy/Documents/S4/Web/examen_final/Mobile_money/system/BaseModel.php(714): CodeIgniter\Model->doFirst()
#6 /home/mandresy/Documents/S4/Web/examen_final/Mobile_money/app/Models/CompteModel.php(14): CodeIgniter\BaseModel->first()
#7 /home/mandresy/Documents/S4/Web/examen_final/Mobile_money/app/Controllers/Client/Auth.php(26): App\Models\CompteModel->findByNumero()
#8 /home/mandresy/Documents/S4/Web/examen_final/Mobile_money/system/CodeIgniter.php(951): App\Controllers\Client\Auth->login()
#9 /home/mandresy/Documents/S4/Web/examen_final/Mobile_money/system/CodeIgniter.php(497): CodeIgniter\CodeIgniter->runController()
#10 /home/mandresy/Documents/S4/Web/examen_final/Mobile_money/system/CodeIgniter.php(340): CodeIgniter\CodeIgniter->handleRequest()
#11 /home/mandresy/Documents/S4/Web/examen_final/Mobile_money/system/Boot.php(417): CodeIgniter\CodeIgniter->run()
#12 /home/mandresy/Documents/S4/Web/examen_final/Mobile_money/system/Boot.php(68): CodeIgniter\Boot::runCodeIgniter()
#13 /home/mandresy/Documents/S4/Web/examen_final/Mobile_money/public/index.php(59): CodeIgniter\Boot::bootWeb()
#14 /home/mandresy/Documents/S4/Web/examen_final/Mobile_money/system/rewrite.php(44): require_once('...')
#15 {main}
CRITICAL - 2026-07-20 08:28:31 --> CodeIgniter\Database\Exceptions\DatabaseException: Unable to connect to the database.
Main connection [SQLite3]: SQLite3 error: Unable to open database: unable to open database file
[Method: POST, Route: login]
in SYSTEMPATH/Database/BaseConnection.php on line 606.
 1 SYSTEMPATH/Database/SQLite3/Connection.php(74): CodeIgniter\Database\BaseConnection->initialize()
 2 SYSTEMPATH/Database/BaseConnection.php(795): CodeIgniter\Database\SQLite3\Connection->initialize()
 3 SYSTEMPATH/Database/BaseBuilder.php(1649): CodeIgniter\Database\BaseConnection->query()
 4 SYSTEMPATH/Model.php(295): CodeIgniter\Database\BaseBuilder->get()
 5 SYSTEMPATH/BaseModel.php(714): CodeIgniter\Model->doFirst()
 6 APPPATH/Models/CompteModel.php(14): CodeIgniter\BaseModel->first()
 7 APPPATH/Controllers/Client/Auth.php(26): App\Models\CompteModel->findByNumero()
 8 SYSTEMPATH/CodeIgniter.php(951): App\Controllers\Client\Auth->login()
 9 SYSTEMPATH/CodeIgniter.php(497): CodeIgniter\CodeIgniter->runController()
10 SYSTEMPATH/CodeIgniter.php(340): CodeIgniter\CodeIgniter->handleRequest()
11 SYSTEMPATH/Boot.php(417): CodeIgniter\CodeIgniter->run()
12 SYSTEMPATH/Boot.php(68): CodeIgniter\Boot::runCodeIgniter()
13 FCPATH/index.php(59): CodeIgniter\Boot::bootWeb()
14 SYSTEMPATH/rewrite.php(44): require_once('/home/mandresy/Documents/S4/Web/examen_final/Mobile_money/public/index.php')
ERROR - 2026-07-20 08:29:57 --> Error connecting to the database: Exception: Unable to open database: unable to open database file in /home/mandresy/Documents/S4/Web/examen_final/Mobile_money/system/Database/SQLite3/Connection.php:111
Stack trace:
#0 /home/mandresy/Documents/S4/Web/examen_final/Mobile_money/system/Database/SQLite3/Connection.php(111): SQLite3->__construct()
#1 /home/mandresy/Documents/S4/Web/examen_final/Mobile_money/system/Database/BaseConnection.php(555): CodeIgniter\Database\SQLite3\Connection->connect()
#2 /home/mandresy/Documents/S4/Web/examen_final/Mobile_money/system/Database/SQLite3/Connection.php(74): CodeIgniter\Database\BaseConnection->initialize()
#3 /home/mandresy/Documents/S4/Web/examen_final/Mobile_money/system/Database/BaseConnection.php(795): CodeIgniter\Database\SQLite3\Connection->initialize()
#4 /home/mandresy/Documents/S4/Web/examen_final/Mobile_money/system/Database/BaseBuilder.php(1649): CodeIgniter\Database\BaseConnection->query()
#5 /home/mandresy/Documents/S4/Web/examen_final/Mobile_money/system/Model.php(295): CodeIgniter\Database\BaseBuilder->get()
#6 /home/mandresy/Documents/S4/Web/examen_final/Mobile_money/system/BaseModel.php(714): CodeIgniter\Model->doFirst()
#7 /home/mandresy/Documents/S4/Web/examen_final/Mobile_money/app/Models/CompteModel.php(14): CodeIgniter\BaseModel->first()
#8 /home/mandresy/Documents/S4/Web/examen_final/Mobile_money/app/Controllers/Client/Auth.php(26): App\Models\CompteModel->findByNumero()
#9 /home/mandresy/Documents/S4/Web/examen_final/Mobile_money/system/CodeIgniter.php(951): App\Controllers\Client\Auth->login()
#10 /home/mandresy/Documents/S4/Web/examen_final/Mobile_money/system/CodeIgniter.php(497): CodeIgniter\CodeIgniter->runController()
#11 /home/mandresy/Documents/S4/Web/examen_final/Mobile_money/system/CodeIgniter.php(340): CodeIgniter\CodeIgniter->handleRequest()
#12 /home/mandresy/Documents/S4/Web/examen_final/Mobile_money/system/Boot.php(417): CodeIgniter\CodeIgniter->run()
#13 /home/mandresy/Documents/S4/Web/examen_final/Mobile_money/system/Boot.php(68): CodeIgniter\Boot::runCodeIgniter()
#14 /home/mandresy/Documents/S4/Web/examen_final/Mobile_money/public/index.php(59): CodeIgniter\Boot::bootWeb()
#15 /home/mandresy/Documents/S4/Web/examen_final/Mobile_money/system/rewrite.php(44): require_once('...')
#16 {main}

Next CodeIgniter\Database\Exceptions\DatabaseException: SQLite3 error: Unable to open database: unable to open database file in /home/mandresy/Documents/S4/Web/examen_final/Mobile_money/system/Database/SQLite3/Connection.php:118
Stack trace:
#0 /home/mandresy/Documents/S4/Web/examen_final/Mobile_money/system/Database/BaseConnection.php(555): CodeIgniter\Database\SQLite3\Connection->connect()
#1 /home/mandresy/Documents/S4/Web/examen_final/Mobile_money/system/Database/SQLite3/Connection.php(74): CodeIgniter\Database\BaseConnection->initialize()
#2 /home/mandresy/Documents/S4/Web/examen_final/Mobile_money/system/Database/BaseConnection.php(795): CodeIgniter\Database\SQLite3\Connection->initialize()
#3 /home/mandresy/Documents/S4/Web/examen_final/Mobile_money/system/Database/BaseBuilder.php(1649): CodeIgniter\Database\BaseConnection->query()
#4 /home/mandresy/Documents/S4/Web/examen_final/Mobile_money/system/Model.php(295): CodeIgniter\Database\BaseBuilder->get()
#5 /home/mandresy/Documents/S4/Web/examen_final/Mobile_money/system/BaseModel.php(714): CodeIgniter\Model->doFirst()
#6 /home/mandresy/Documents/S4/Web/examen_final/Mobile_money/app/Models/CompteModel.php(14): CodeIgniter\BaseModel->first()
#7 /home/mandresy/Documents/S4/Web/examen_final/Mobile_money/app/Controllers/Client/Auth.php(26): App\Models\CompteModel->findByNumero()
#8 /home/mandresy/Documents/S4/Web/examen_final/Mobile_money/system/CodeIgniter.php(951): App\Controllers\Client\Auth->login()
#9 /home/mandresy/Documents/S4/Web/examen_final/Mobile_money/system/CodeIgniter.php(497): CodeIgniter\CodeIgniter->runController()
#10 /home/mandresy/Documents/S4/Web/examen_final/Mobile_money/system/CodeIgniter.php(340): CodeIgniter\CodeIgniter->handleRequest()
#11 /home/mandresy/Documents/S4/Web/examen_final/Mobile_money/system/Boot.php(417): CodeIgniter\CodeIgniter->run()
#12 /home/mandresy/Documents/S4/Web/examen_final/Mobile_money/system/Boot.php(68): CodeIgniter\Boot::runCodeIgniter()
#13 /home/mandresy/Documents/S4/Web/examen_final/Mobile_money/public/index.php(59): CodeIgniter\Boot::bootWeb()
#14 /home/mandresy/Documents/S4/Web/examen_final/Mobile_money/system/rewrite.php(44): require_once('...')
#15 {main}
CRITICAL - 2026-07-20 08:29:57 --> CodeIgniter\Database\Exceptions\DatabaseException: Unable to connect to the database.
Main connection [SQLite3]: SQLite3 error: Unable to open database: unable to open database file
[Method: POST, Route: login]
in SYSTEMPATH/Database/BaseConnection.php on line 606.
 1 SYSTEMPATH/Database/SQLite3/Connection.php(74): CodeIgniter\Database\BaseConnection->initialize()
 2 SYSTEMPATH/Database/BaseConnection.php(795): CodeIgniter\Database\SQLite3\Connection->initialize()
 3 SYSTEMPATH/Database/BaseBuilder.php(1649): CodeIgniter\Database\BaseConnection->query()
 4 SYSTEMPATH/Model.php(295): CodeIgniter\Database\BaseBuilder->get()
 5 SYSTEMPATH/BaseModel.php(714): CodeIgniter\Model->doFirst()
 6 APPPATH/Models/CompteModel.php(14): CodeIgniter\BaseModel->first()
 7 APPPATH/Controllers/Client/Auth.php(26): App\Models\CompteModel->findByNumero()
 8 SYSTEMPATH/CodeIgniter.php(951): App\Controllers\Client\Auth->login()
 9 SYSTEMPATH/CodeIgniter.php(497): CodeIgniter\CodeIgniter->runController()
10 SYSTEMPATH/CodeIgniter.php(340): CodeIgniter\CodeIgniter->handleRequest()
11 SYSTEMPATH/Boot.php(417): CodeIgniter\CodeIgniter->run()
12 SYSTEMPATH/Boot.php(68): CodeIgniter\Boot::runCodeIgniter()
13 FCPATH/index.php(59): CodeIgniter\Boot::bootWeb()
14 SYSTEMPATH/rewrite.php(44): require_once('/home/mandresy/Documents/S4/Web/examen_final/Mobile_money/public/index.php')
CRITICAL - 2026-07-20 08:31:09 --> CodeIgniter\View\Exceptions\ViewException: Invalid file: "client/dashboard.php"
[Method: GET, Route: dashboard]
in SYSTEMPATH/Exceptions/FrameworkException.php on line 39.
 1 SYSTEMPATH/View/View.php(228): CodeIgniter\Exceptions\FrameworkException::forInvalidFile()
 2 SYSTEMPATH/Common.php(1250): CodeIgniter\View\View->render()
 3 APPPATH/Controllers/Client/Operation.php(16): view()
 4 SYSTEMPATH/CodeIgniter.php(951): App\Controllers\Client\Operation->dashboard()
 5 SYSTEMPATH/CodeIgniter.php(497): CodeIgniter\CodeIgniter->runController()
 6 SYSTEMPATH/CodeIgniter.php(340): CodeIgniter\CodeIgniter->handleRequest()
 7 SYSTEMPATH/Boot.php(417): CodeIgniter\CodeIgniter->run()
 8 SYSTEMPATH/Boot.php(68): CodeIgniter\Boot::runCodeIgniter()
 9 FCPATH/index.php(59): CodeIgniter\Boot::bootWeb()
10 SYSTEMPATH/rewrite.php(44): require_once('/home/mandresy/Documents/S4/Web/examen_final/Mobile_money/public/index.php')
CRITICAL - 2026-07-20 08:31:48 --> CodeIgniter\View\Exceptions\ViewException: Invalid file: "client/dashboard.php"
[Method: GET, Route: dashboard]
in SYSTEMPATH/Exceptions/FrameworkException.php on line 39.
 1 SYSTEMPATH/View/View.php(228): CodeIgniter\Exceptions\FrameworkException::forInvalidFile()
 2 SYSTEMPATH/Common.php(1250): CodeIgniter\View\View->render()
 3 APPPATH/Controllers/Client/Operation.php(16): view()
 4 SYSTEMPATH/CodeIgniter.php(951): App\Controllers\Client\Operation->dashboard()
 5 SYSTEMPATH/CodeIgniter.php(497): CodeIgniter\CodeIgniter->runController()
 6 SYSTEMPATH/CodeIgniter.php(340): CodeIgniter\CodeIgniter->handleRequest()
 7 SYSTEMPATH/Boot.php(417): CodeIgniter\CodeIgniter->run()
 8 SYSTEMPATH/Boot.php(68): CodeIgniter\Boot::runCodeIgniter()
 9 FCPATH/index.php(59): CodeIgniter\Boot::bootWeb()
10 SYSTEMPATH/rewrite.php(44): require_once('/home/mandresy/Documents/S4/Web/examen_final/Mobile_money/public/index.php')
CRITICAL - 2026-07-20 08:31:48 --> CodeIgniter\View\Exceptions\ViewException: Invalid file: "client/retrait.php"
[Method: GET, Route: retrait]
in SYSTEMPATH/Exceptions/FrameworkException.php on line 39.
 1 SYSTEMPATH/View/View.php(228): CodeIgniter\Exceptions\FrameworkException::forInvalidFile()
 2 SYSTEMPATH/Common.php(1250): CodeIgniter\View\View->render()
 3 APPPATH/Controllers/Client/Operation.php(29): view()
 4 SYSTEMPATH/CodeIgniter.php(951): App\Controllers\Client\Operation->retraitForm()
 5 SYSTEMPATH/CodeIgniter.php(497): CodeIgniter\CodeIgniter->runController()
 6 SYSTEMPATH/CodeIgniter.php(340): CodeIgniter\CodeIgniter->handleRequest()
 7 SYSTEMPATH/Boot.php(417): CodeIgniter\CodeIgniter->run()
 8 SYSTEMPATH/Boot.php(68): CodeIgniter\Boot::runCodeIgniter()
 9 FCPATH/index.php(59): CodeIgniter\Boot::bootWeb()
10 SYSTEMPATH/rewrite.php(44): require_once('/home/mandresy/Documents/S4/Web/examen_final/Mobile_money/public/index.php')
CRITICAL - 2026-07-20 08:31:48 --> ErrorException: Trying to access array offset on null
[Method: GET, Route: depot]
in APPPATH/Views/clients/depot.php on line 13.
 1 APPPATH/Views/clients/depot.php(13): CodeIgniter\Debug\Exceptions->errorHandler()
 2 SYSTEMPATH/View/View.php(240): include('/home/mandresy/Documents/S4/Web/examen_final/Mobile_money/app/Views/clients/depot.php')
 3 SYSTEMPATH/View/View.php(243): CodeIgniter\View\View->{closure:CodeIgniter\View\View::render():237}()
 4 SYSTEMPATH/Common.php(1250): CodeIgniter\View\View->render()
 5 APPPATH/Controllers/Client/Operation.php(170): view()
 6 SYSTEMPATH/CodeIgniter.php(951): App\Controllers\Client\Operation->formulaireDepot()
 7 SYSTEMPATH/CodeIgniter.php(497): CodeIgniter\CodeIgniter->runController()
 8 SYSTEMPATH/CodeIgniter.php(340): CodeIgniter\CodeIgniter->handleRequest()
 9 SYSTEMPATH/Boot.php(417): CodeIgniter\CodeIgniter->run()
10 SYSTEMPATH/Boot.php(68): CodeIgniter\Boot::runCodeIgniter()
11 FCPATH/index.php(59): CodeIgniter\Boot::bootWeb()
12 SYSTEMPATH/rewrite.php(44): require_once('/home/mandresy/Documents/S4/Web/examen_final/Mobile_money/public/index.php')
CRITICAL - 2026-07-20 08:31:48 --> ErrorException: Trying to access array offset on null
[Method: GET, Route: transfert]
in APPPATH/Views/clients/transfert.php on line 13.
 1 APPPATH/Views/clients/transfert.php(13): CodeIgniter\Debug\Exceptions->errorHandler()
 2 SYSTEMPATH/View/View.php(240): include('/home/mandresy/Documents/S4/Web/examen_final/Mobile_money/app/Views/clients/transfert.php')
 3 SYSTEMPATH/View/View.php(243): CodeIgniter\View\View->{closure:CodeIgniter\View\View::render():237}()
 4 SYSTEMPATH/Common.php(1250): CodeIgniter\View\View->render()
 5 APPPATH/Controllers/Client/Operation.php(156): view()
 6 SYSTEMPATH/CodeIgniter.php(951): App\Controllers\Client\Operation->formulaireTransfert()
 7 SYSTEMPATH/CodeIgniter.php(497): CodeIgniter\CodeIgniter->runController()
 8 SYSTEMPATH/CodeIgniter.php(340): CodeIgniter\CodeIgniter->handleRequest()
 9 SYSTEMPATH/Boot.php(417): CodeIgniter\CodeIgniter->run()
10 SYSTEMPATH/Boot.php(68): CodeIgniter\Boot::runCodeIgniter()
11 FCPATH/index.php(59): CodeIgniter\Boot::bootWeb()
12 SYSTEMPATH/rewrite.php(44): require_once('/home/mandresy/Documents/S4/Web/examen_final/Mobile_money/public/index.php')
